--- Startup times for process: Primary (or UI client) ---

times in msec
 clock   self+sourced   self:  sourced script
 clock   elapsed:              other lines

000.001  000.001: --- NVIM STARTING ---
000.117  000.116: event init
000.191  000.074: early init
000.233  000.042: locale set
000.268  000.035: init first window
000.618  000.350: inits 1
000.627  000.009: window checked
000.629  000.002: parsing arguments
001.113  000.045  000.045: require('vim._core.shared')
001.191  000.003  000.003: require('string.buffer')
001.218  000.049  000.046: require('vim.inspect')
001.257  000.031  000.031: require('vim._core.options')
001.258  000.142  000.061: require('vim._core.editor')
001.299  000.040  000.040: require('vim._core.system')
001.301  000.253  000.026: require('vim._init_packages')
001.304  000.422: init lua interpreter
002.176  000.872: nvim_ui_attach
002.487  000.312: nvim_set_client_info
002.490  000.002: --- NVIM STARTED ---

--- Startup times for process: Embedded ---

times in msec
 clock   self+sourced   self:  sourced script
 clock   elapsed:              other lines

000.001  000.001: --- NVIM STARTING ---
000.083  000.083: event init
000.142  000.059: early init
000.175  000.033: locale set
000.205  000.030: init first window
000.452  000.247: inits 1
000.462  000.010: window checked
000.465  000.003: parsing arguments
000.844  000.042  000.042: require('vim._core.shared')
000.914  000.003  000.003: require('string.buffer')
000.935  000.040  000.038: require('vim.inspect')
000.967  000.025  000.025: require('vim._core.options')
000.968  000.121  000.056: require('vim._core.editor')
001.002  000.033  000.033: require('vim._core.system')
001.003  000.216  000.020: require('vim._init_packages')
001.005  000.324: init lua interpreter
001.049  000.044: expanding arguments
001.061  000.012: inits 2
001.281  000.219: init highlight
001.282  000.001: waiting for UI
001.378  000.096: done waiting for UI
001.385  000.007: clear screen
001.507  000.050  000.050: require('vim._core.util')
001.536  000.008  000.008: require('vim.keymap')
002.274  000.095  000.095: sourcing nvim_exec2()
002.294  000.003  000.003: require('vim._core.log')
002.376  000.010  000.010: require('vim.tty')
002.401  000.005  000.005: require('vim.F')
004.457  000.011  000.011: sourcing nvim_exec2() called at TermResponse Autocommands for "*":0
004.573  003.186  003.004: require('vim._core.defaults')
004.575  000.004: init default mappings & autocommands
004.877  000.036  000.036: sourcing /usr/local/share/nvim/runtime/ftplugin.vim
004.931  000.021  000.021: sourcing /usr/local/share/nvim/runtime/indent.vim
005.045  000.028  000.028: require('vim.fs')
005.162  000.114  000.114: require('vim.uri')
005.174  000.182  000.040: require('vim.loader')
005.398  000.192  000.192: require('options')
005.454  000.054  000.054: require('pack')
005.731  000.057  000.057: require('vim._async')
005.743  000.249  000.192: require('vim.pack')
005.842  000.095  000.095: require('vim.version')
012.091  000.045  000.045: require('blink.lib.lazy_require')
012.100  000.224  000.178: require('blink.lib')
012.225  000.051  000.051: require('vim.log')
012.229  000.098  000.047: require('blink.lib.log')
012.378  000.276  000.178: require('blink.cmp.logger')
012.596  000.142  000.142: require('blink.lib.config')
012.696  000.097  000.097: require('blink.cmp.config.keymap')
012.829  000.051  000.051: require('blink.cmp.config.completion.keyword')
012.863  000.031  000.031: require('blink.cmp.config.completion.trigger')
012.895  000.030  000.030: require('blink.cmp.config.completion.list')
012.933  000.037  000.037: require('blink.cmp.config.completion.accept')
013.034  000.099  000.099: require('blink.cmp.config.completion.menu')
013.089  000.053  000.053: require('blink.cmp.config.completion.documentation')
013.120  000.029  000.029: require('blink.cmp.config.completion.ghost_text')
013.122  000.421  000.092: require('blink.cmp.config.completion')
013.187  000.065  000.065: require('blink.cmp.config.fuzzy')
013.257  000.068  000.068: require('blink.cmp.config.sources')
013.332  000.073  000.073: require('blink.cmp.config.signature')
013.391  000.057  000.057: require('blink.cmp.config.snippets')
013.438  000.046  000.046: require('blink.cmp.config.appearance')
013.788  001.408  000.440: require('blink.cmp.config')
013.956  000.095  000.095: require('blink.lib.native')
014.093  000.134  000.134: require('blink.lib.task')
014.096  000.306  000.077: require('blink.lib.native.managed')
014.177  003.599  001.385: require('blink.cmp')
014.234  000.051  000.051: require('blink.lib._.tbl')
014.278  000.043  000.043: require('blink.lib._.tbl.copy')
015.384  000.101  000.101: require('blink.lib.nvim')
015.504  000.047  000.047: require('blink.cmp.fuzzy.lua.match')
015.543  000.037  000.037: require('blink.cmp.fuzzy.lua.match_indices')
015.785  000.132  000.132: require('blink.cmp.fuzzy.lua.char')
015.797  000.252  000.120: require('blink.cmp.fuzzy.lua.keyword')
015.808  000.420  000.084: require('blink.cmp.fuzzy.lua')
015.813  000.594  000.073: require('blink.cmp.fuzzy')
016.197  000.383  000.383: require('blink.cmp.fuzzy.rust')
016.329  000.128  000.128: require('blink.cmp.highlights')
016.431  000.061  000.061: require('blink.cmp.types')
016.684  000.043  000.043: require('blink.cmp.keymap.utils')
016.688  000.074  000.031: require('blink.cmp.keymap.fallback')
016.691  000.120  000.046: require('blink.cmp.keymap.apply')
016.729  000.037  000.037: require('blink.cmp.keymap.presets')
016.732  000.202  000.045: require('blink.cmp.keymap')
016.981  000.058  000.058: require('blink.cmp.completion')
017.094  000.034  000.034: require('blink.cmp.lib.utils')
017.098  000.071  000.037: require('blink.cmp.completion.trigger.context')
017.128  000.028  000.028: require('blink.cmp.lib.event_emitter')
017.131  000.148  000.048: require('blink.cmp.completion.trigger')
017.167  000.034  000.034: require('blink.cmp.lib.buffer_events')
017.224  000.041  000.041: require('blink.cmp.completion.list')
017.268  000.029  000.029: require('blink.cmp.lib.cmdline_events')
017.307  000.029  000.029: require('blink.cmp.lib.term_events')
017.363  000.046  000.046: require('blink.cmp.sources.lib')
017.399  000.030  000.030: require('blink.lib.timer')
017.498  000.033  000.033: require('blink.cmp.completion.windows.menu.auto_wrap')
017.587  000.024  000.024: require('blink.cmp.lib.window.utils')
017.591  000.090  000.066: require('blink.cmp.lib.window')
017.662  000.043  000.043: require('blink.cmp.lib.window.cursor_line')
017.715  000.050  000.050: require('blink.cmp.lib.window.scrollbar')
017.756  000.038  000.038: require('blink.cmp.lib.window.scrollbar.win')
017.771  000.367  000.114: require('blink.cmp.completion.windows.menu')
017.821  000.047  000.047: require('blink.cmp.signature')
017.865  000.042  000.042: require('blink.cmp.signature.trigger')
018.001  000.113  000.113: require('blink.cmp.signature.window')
018.004  007.582  001.536: require('plugins.blink-cmp')
018.119  000.041  000.041: require('code_runner.options')
018.121  000.090  000.049: require('code_runner')
018.248  000.243  000.153: require('plugins.coderunner')
018.795  000.194  000.194: require('rose-pine.config')
018.798  000.518  000.324: require('rose-pine')
019.094  000.049  000.049: require('rose-pine.utilities')
019.142  000.045  000.045: require('rose-pine.palette')
020.472  000.043  000.043: sourcing nvim_exec2() called at /home/a66ro/.local/share/nvim/site/pack/core/opt/rose-pine/colors/rose-pine.lua:0
020.477  001.499  001.362: sourcing /home/a66ro/.local/share/nvim/site/pack/core/opt/rose-pine/colors/rose-pine.lua
020.554  002.304  000.286: require('plugins.colorscheme')
020.855  000.250  000.250: require('conform')
021.004  000.448  000.198: require('plugins.conform')
021.440  000.077  000.077: require('fidget.spinner.patterns')
021.443  000.101  000.025: require('fidget.spinner')
021.497  000.026  000.026: require('fidget.health')
021.499  000.054  000.028: require('fidget.options')
021.507  000.196  000.041: require('fidget.progress.display')
021.575  000.036  000.036: require('fidget.logger')
022.079  000.411  000.411: require('vim.lsp.protocol')
022.124  000.479  000.068: require('vim.lsp.log')
022.241  000.031  000.031: require('vim.pos._util')
022.250  000.123  000.092: require('vim.lsp.util')
022.312  000.026  000.026: require('vim.lsp.sync')
022.316  000.064  000.038: require('vim.lsp._changetracking')
022.405  000.004  000.004: require('vim._core.stringbuffer')
022.408  000.050  000.046: require('vim.net._transport')
022.440  000.122  000.072: require('vim.lsp.rpc')
022.490  000.913  000.125: require('vim.lsp')
022.662  000.109  000.109: require('vim.lsp.completion')
022.697  000.204  000.095: require('vim.lsp.handlers')
022.710  001.201  000.048: require('fidget.progress.lsp')
022.832  000.032  000.032: require('fidget.poll')
022.835  000.063  000.031: require('fidget.notification.model')
022.882  000.045  000.045: require('fidget.notification.window')
022.989  000.106  000.106: require('fidget.notification.view')
023.035  000.293  000.079: require('fidget.notification')
023.062  000.351  000.058: require('fidget.progress.handle')
023.090  001.856  000.108: require('fidget.progress')
023.163  000.071  000.071: require('fidget.commands')
023.183  002.072  000.145: require('fidget')
023.265  002.259  000.187: require('plugins.fidget')
023.351  000.045  000.045: require('gitsigns')
023.580  000.128  000.128: require('gitsigns.util')
023.601  000.231  000.103: require('gitsigns.config')
023.980  000.116  000.116: require('gitsigns.debug.log')
024.335  000.718  000.602: require('gitsigns.highlight')
024.405  000.053  000.053: require('gitsigns.debounce')
024.416  001.149  000.102: require('plugins.gitsigns')
024.577  000.037  000.037: require('miniharp.utils')
024.588  000.089  000.052: require('miniharp.state')
024.803  000.033  000.033: require('miniharp.notify')
024.806  000.095  000.062: require('miniharp.marks')
024.818  000.185  000.090: require('miniharp.ui')
024.825  000.236  000.051: require('miniharp.core')
024.867  000.041  000.041: require('miniharp.storage')
024.883  000.430  000.064: require('miniharp')
028.542  004.124  003.695: require('plugins.harpoon')
030.009  001.426  001.426: require('mini.icons')
030.220  000.134  000.134: require('mini.ai')
030.556  000.117  000.117: require('mini.surround')
032.142  003.597  001.920: require('plugins.mini')
032.324  000.145  000.145: require('oil')
032.358  000.029  000.029: require('oil.ringbuf')
032.412  000.052  000.052: require('oil.config')
033.535  001.027  001.027: require('vim.filetype')
034.051  000.039  000.039: require('oil.log')
034.060  000.100  000.061: require('oil.fs')
034.212  000.076  000.076: require('oil.constants')
034.230  000.169  000.093: require('oil.util')
034.239  002.094  000.571: require('plugins.oil')
034.421  000.084  000.084: require('slimline.highlights')
034.435  000.161  000.077: require('slimline')
034.620  000.112  000.112: require('vim.diagnostic')
034.626  000.188  000.075: require('slimline.defaults')
034.676  000.038  000.038: require('slimline.components.mode')
034.719  000.039  000.039: require('slimline.components.path')
034.800  000.050  000.050: require('slimline.components.git')
034.853  000.048  000.048: require('slimline.components.diagnostics')
034.912  000.054  000.054: require('slimline.components.filetype_lsp')
034.951  000.034  000.034: require('slimline.components.progress')
034.998  000.758  000.148: require('plugins.slimline')
035.093  000.040  000.040: require('smartcolumn')
035.223  000.035  000.035: require('todo-comments.util')
035.230  000.096  000.061: require('todo-comments.config')
035.352  000.083  000.083: require('todo-comments.highlight')
035.356  000.125  000.041: require('todo-comments.jump')
035.359  000.255  000.034: require('todo-comments')
035.669  000.039  000.039: require('nvim-autopairs._log')
035.729  000.057  000.057: require('nvim-autopairs.utils')
035.734  000.147  000.050: require('nvim-autopairs.conds')
035.741  000.214  000.068: require('nvim-autopairs.rule')
035.743  000.293  000.079: require('nvim-autopairs.rules.basic')
035.752  000.384  000.091: require('nvim-autopairs')
036.424  000.076  000.076: require('vim.treesitter.language')
036.495  000.068  000.068: require('vim.func')
036.542  000.045  000.045: require('vim.treesitter._range')
036.590  000.043  000.043: require('vim.func._memoize')
036.617  000.404  000.172: require('vim.treesitter.query')
036.634  000.514  000.110: require('vim.treesitter.languagetree')
036.713  000.662  000.149: require('vim.treesitter')
036.715  000.707  000.044: require('nvim-autopairs.ts-conds')
036.719  000.749  000.042: require('nvim-autopairs.rules.ts_basic')
036.804  000.084  000.084: require('vim.treesitter.highlighter')
037.346  000.082  000.082: require('eyeliner.config')
037.619  000.085  000.085: require('eyeliner.string')
037.714  000.093  000.093: require('eyeliner.utils')
037.719  000.284  000.107: require('eyeliner.locations')
037.814  000.094  000.094: require('eyeliner.highlights')
037.817  000.468  000.090: require('eyeliner.handler')
037.824  000.701  000.150: require('eyeliner')
037.996  002.996  000.785: require('plugins.small-plugins')
038.496  000.139  000.139: require('telescope._extensions')
038.505  000.424  000.285: require('telescope')
038.620  000.113  000.113: require('telescope.themes')
038.860  000.028  000.028: require('plenary.bit')
038.888  000.026  000.026: require('plenary.functional')
038.915  000.011  000.011: require('ffi')
038.930  000.149  000.084: require('plenary.path')
038.940  000.188  000.039: require('plenary.strings')
039.199  000.040  000.040: require('vim.health')
039.202  000.071  000.031: require('vim.deprecated.health')
039.238  000.199  000.128: require('plenary.log')
039.339  000.048  000.048: require('vim.iter')
039.353  000.342  000.095: require('telescope.log')
039.477  000.024  000.024: require('plenary.compat')
039.483  000.070  000.046: require('plenary.job')
039.514  000.030  000.030: require('telescope.state')
039.524  000.169  000.069: require('telescope.utils')
039.528  000.586  000.075: require('telescope.sorters')
040.695  002.049  001.274: require('telescope.config')
041.449  000.041  000.041: require('telescope._extensions.ui-select')
041.673  000.020  000.020: require('plenary.tbl')
041.676  000.044  000.024: require('plenary.vararg.rotate')
041.677  000.067  000.023: require('plenary.vararg')
041.698  000.019  000.019: require('plenary.errors')
041.701  000.114  000.028: require('plenary.async.async')
041.792  000.021  000.021: require('plenary.async.structs')
041.796  000.051  000.029: require('plenary.async.control')
041.800  000.077  000.026: require('plenary.async.util')
041.801  000.099  000.022: require('plenary.async.tests')
041.803  000.244  000.031: require('plenary.async')
041.869  000.030  000.030: require('plenary.window.border')
041.900  000.029  000.029: require('plenary.window')
041.923  000.021  000.021: require('plenary.popup.utils')
041.926  000.122  000.042: require('plenary.popup')
042.046  000.030  000.030: require('telescope.pickers.scroller')
042.076  000.028  000.028: require('telescope.actions.state')
042.106  000.029  000.029: require('telescope.actions.utils')
042.175  000.031  000.031: require('telescope.actions.mt')
042.185  000.077  000.047: require('telescope.actions.set')
042.262  000.047  000.047: require('telescope.config.resolve')
042.264  000.078  000.031: require('telescope.pickers.entry_display')
042.300  000.035  000.035: require('telescope.from_entry')
042.385  000.458  000.181: require('telescope.actions')
042.422  000.036  000.036: require('telescope.debounce')
042.485  000.061  000.061: require('telescope.mappings')
042.549  000.029  000.029: require('vim.hl')
042.553  000.066  000.036: require('telescope.pickers.highlights')
042.582  000.028  000.028: require('telescope.pickers.window')
042.612  000.028  000.028: require('telescope.pickers.layout')
042.672  000.028  000.028: require('telescope.algos.linked_list')
042.674  000.060  000.032: require('telescope.entry_manager')
042.703  000.028  000.028: require('telescope.pickers.multi')
042.714  001.243  000.112: require('telescope.pickers')
042.841  000.091  000.091: require('telescope.make_entry')
042.871  000.029  000.029: require('telescope.finders.async_static_finder')
042.973  000.031  000.031: require('plenary.class')
042.983  000.074  000.043: require('telescope.async_job')
042.984  000.112  000.038: require('telescope.finders.async_oneshot_finder')
043.019  000.034  000.034: require('telescope.finders.async_job_finder')
043.024  000.308  000.043: require('telescope.finders')
043.483  000.387  000.387: require('vim.ui')
043.620  005.621  001.056: require('plugins.telescope')
043.788  000.022  000.022: require('tmux.configuration.logging')
043.814  000.024  000.024: require('tmux.log.severity')
043.816  000.077  000.032: require('tmux.log.channels')
043.818  000.105  000.028: require('tmux.log')
043.845  000.026  000.026: require('tmux.configuration.options')
043.897  000.029  000.029: require('tmux.version')
043.900  000.053  000.024: require('tmux.configuration.validate')
043.934  000.034  000.034: require('tmux.wrapper.tmux')
043.936  000.254  000.037: require('tmux.configuration')
044.017  000.025  000.025: require('tmux.keymaps')
044.020  000.063  000.038: require('tmux.copy')
044.121  000.024  000.024: require('tmux.layout.parse')
044.169  000.023  000.023: require('tmux.wrapper.snacks')
044.172  000.050  000.027: require('tmux.wrapper.nvim')
044.174  000.104  000.030: require('tmux.layout')
044.176  000.128  000.024: require('tmux.navigation.navigate')
044.178  000.157  000.029: require('tmux.navigation')
044.210  000.031  000.031: require('tmux.resize')
044.239  000.028  000.028: require('tmux.swap')
044.242  000.589  000.056: require('tmux')
044.267  000.024  000.024: require('tmux.log.convert')
044.333  000.711  000.099: require('plugins.tmux')
044.390  000.026  000.026: require('nvim-treesitter')
044.431  000.035  000.035: require('nvim-treesitter.config')
044.672  000.047  000.047: require('nvim-treesitter.async')
044.705  000.030  000.030: require('nvim-treesitter.log')
045.185  000.478  000.478: require('nvim-treesitter.parsers')
045.227  000.039  000.039: require('nvim-treesitter.util')
045.237  000.674  000.079: require('nvim-treesitter.install')
045.707  000.466  000.466: require('nvim-treesitter.parsers')
046.051  001.717  000.516: require('plugins.treesitter')
046.156  000.048  000.048: require('which-key')
046.258  000.095  000.095: require('which-key.config')
046.284  000.230  000.086: require('plugins.which-key')
046.438  000.044  000.044: require('zen-mode.util')
046.444  000.091  000.047: require('zen-mode.config')
046.560  000.059  000.059: require('zen-mode.plugins')
046.565  000.120  000.061: require('zen-mode.view')
046.567  000.248  000.037: require('zen-mode')
046.578  000.293  000.045: require('plugins.zen-mode')
046.580  041.124  004.653: require('plugins')
046.730  000.040  000.040: require('mason-core.path')
046.887  000.036  000.036: require('mason-core.functional.data')
046.952  000.055  000.055: require('mason-core.functional.function')
047.028  000.071  000.071: require('mason-core.functional.list')
047.084  000.040  000.040: require('mason-core.functional.relation')
047.132  000.046  000.046: require('mason-core.functional.logic')
047.177  000.042  000.042: require('mason-core.functional.number')
047.226  000.043  000.043: require('mason-core.functional.string')
047.277  000.047  000.047: require('mason-core.functional.table')
047.315  000.034  000.034: require('mason-core.functional.type')
047.334  000.546  000.133: require('mason-core.functional')
047.368  000.635  000.089: require('mason-core.platform')
047.436  000.067  000.067: require('mason.settings')
047.441  000.790  000.048: require('mason-core.installer.InstallLocation')
047.652  000.080  000.080: require('mason-core.log')
047.655  000.137  000.057: require('mason-core.EventEmitter')
047.711  000.054  000.054: require('mason-registry.sources')
047.735  000.292  000.101: require('mason-registry')
047.737  001.120  000.038: require('mason')
047.918  000.109  000.109: require('mason.api.command')
048.038  000.035  000.035: require('mason-lspconfig.settings')
048.041  000.103  000.068: require('mason-lspconfig')
048.101  000.051  000.051: require('mason-core.async')
048.194  000.039  000.039: require('mason-core.async.uv')
048.204  000.100  000.061: require('mason-core.fs')
048.365  000.059  000.059: require('mason-core.result')
048.540  000.003  000.003: require('vim._core.vimfn')
048.569  000.099  000.096: require('mason-core.process')
048.639  000.069  000.069: require('mason-core.spawn')
048.645  000.232  000.064: require('mason-core.installer.managers.powershell')
048.688  000.041  000.041: require('mason.version')
048.690  000.323  000.051: require('mason-core.fetch')
048.731  000.040  000.040: require('mason-core.providers')
048.815  000.045  000.045: require('mason-core.optional')
049.071  000.135  000.135: require('mason-core.purl')
049.122  000.048  000.048: require('mason-core.async.control')
049.130  000.261  000.078: require('mason-core.package.AbstractPackage')
049.796  000.261  000.261: require('mason-core.installer.compiler.expr')
049.821  000.566  000.305: require('mason-core.installer.compiler.link')
050.616  000.206  000.206: require('mason-core.installer.context.InstallContextCwd')
050.801  000.182  000.182: require('mason-core.installer.context.InstallContextFs')
050.957  000.154  000.154: require('mason-core.installer.context.InstallContextSpawn')
051.216  000.255  000.255: require('mason-core.receipt')
051.277  001.012  000.214: require('mason-core.installer.context')
051.279  001.193  000.180: require('mason-core.installer')
051.363  001.436  000.244: require('mason-core.installer.managers.std')
051.365  001.543  000.106: require('mason-core.installer.compiler.schemas')
051.535  000.169  000.169: require('mason-core.installer.compiler.util')
051.570  002.380  000.103: require('mason-core.installer.compiler')
051.778  000.206  000.206: require('mason-core.installer.linker')
051.797  002.666  000.079: require('mason-core.installer.InstallRunner')
051.961  000.162  000.162: require('mason-core.installer.UninstallRunner')
051.991  003.175  000.086: require('mason-core.package')
051.995  003.262  000.042: require('mason-registry.sources.util')
052.026  003.772  000.088: require('mason-registry.sources.github')
052.372  000.095  000.095: require('mason-registry.sources.synthesized')
052.455  000.025  000.025: require('mason-lspconfig.notify')
052.471  000.083  000.058: require('mason-lspconfig.api.command')
052.570  000.052  000.052: require('mason-tool-installer')
054.073  007.492  002.007: require('lsp')
054.266  000.027  000.027: require('vim.diagnostic._severity')
054.272  000.067  000.040: require('vim.diagnostic._store')
054.274  000.102  000.035: require('vim.diagnostic._config')
054.284  000.208  000.106: require('keymaps')
054.326  000.041  000.041: require('autocmds')
054.328  049.362  000.069: sourcing /home/a66ro/.config/nvim/init.lua
054.333  000.339: sourcing vimrc file(s)
054.681  000.019  000.019: sourcing /usr/share/nvim/site/ftdetect/ghostty.vim
054.697  000.166  000.147: sourcing nvim_exec2() called at /usr/local/share/nvim/runtime/filetype.lua:0
054.699  000.240  000.074: sourcing /usr/local/share/nvim/runtime/filetype.lua
054.858  000.050  000.050: sourcing /usr/local/share/nvim/runtime/syntax/synload.vim
054.925  000.200  000.150: sourcing /usr/local/share/nvim/runtime/syntax/syntax.vim
055.230  000.056  000.056: require('livepreview.utils')
056.195  001.057  001.001: require('livepreview.health')
056.256  000.038  000.038: require('livepreview.config')
056.290  001.214  000.119: sourcing /home/a66ro/.local/share/nvim/site/pack/core/opt/live-preview.nvim/plugin/livepreview.lua
056.351  000.013  000.013: sourcing /home/a66ro/.local/share/nvim/site/pack/core/opt/zen-mode.nvim/plugin/zen-mode.vim
056.431  000.045  000.045: sourcing /home/a66ro/.local/share/nvim/site/pack/core/opt/which-key.nvim/plugin/which-key.lua
056.617  000.130  000.130: sourcing /home/a66ro/.local/share/nvim/site/pack/core/opt/nvim-treesitter/plugin/filetypes.lua
056.671  000.039  000.039: sourcing /home/a66ro/.local/share/nvim/site/pack/core/opt/nvim-treesitter/plugin/nvim-treesitter.lua
056.705  000.022  000.022: sourcing /home/a66ro/.local/share/nvim/site/pack/core/opt/nvim-treesitter/plugin/query_predicates.lua
056.899  000.151  000.151: sourcing /home/a66ro/.local/share/nvim/site/pack/core/opt/telescope.nvim/plugin/telescope.lua
056.956  000.017  000.017: sourcing /home/a66ro/.local/share/nvim/site/pack/core/opt/plenary.nvim/plugin/plenary.vim
057.006  000.012  000.012: sourcing /home/a66ro/.local/share/nvim/site/pack/core/opt/todo-comments.nvim/plugin/todo.vim
057.238  000.200  000.200: sourcing /home/a66ro/.local/share/nvim/site/pack/core/opt/eyeliner.nvim/plugin/init.lua
057.339  000.039  000.039: sourcing /home/a66ro/.local/share/nvim/site/pack/core/opt/gitsigns.nvim/plugin/gitsigns.lua
057.397  000.023  000.023: sourcing /home/a66ro/.local/share/nvim/site/pack/core/opt/conform.nvim/plugin/conform.lua
057.476  000.033  000.033: sourcing /home/a66ro/.local/share/nvim/site/pack/core/opt/mason-tool-installer.nvim/plugin/mason-tool-installer.lua
057.559  000.038  000.038: sourcing /home/a66ro/.local/share/nvim/site/pack/core/opt/nvim-lspconfig/plugin/lspconfig.lua
057.681  000.061  000.061: sourcing /home/a66ro/.local/share/nvim/site/pack/core/opt/blink.cmp/plugin/blink-cmp.lua
057.850  000.012  000.012: sourcing /usr/local/share/nvim/runtime/plugin/gzip.vim
057.867  000.007  000.007: sourcing /usr/local/share/nvim/runtime/plugin/matchit.vim
057.881  000.006  000.006: sourcing /usr/local/share/nvim/runtime/plugin/netrwPlugin.vim
057.986  000.090  000.090: sourcing /usr/local/share/nvim/runtime/plugin/rplugin.vim
058.004  000.008  000.008: sourcing /usr/local/share/nvim/runtime/plugin/tarPlugin.vim
058.024  000.011  000.011: sourcing /usr/local/share/nvim/runtime/plugin/tutor.vim
058.040  000.008  000.008: sourcing /usr/local/share/nvim/runtime/plugin/zipPlugin.vim
058.147  000.038  000.038: require('vim._watch')
058.151  000.079  000.041: require('nvim.autoread')
058.170  000.122  000.044: sourcing /usr/local/share/nvim/runtime/plugin/autoread.lua
058.228  000.047  000.047: sourcing /usr/local/share/nvim/runtime/plugin/dir.lua
058.263  000.025  000.025: sourcing /usr/local/share/nvim/runtime/plugin/editorconfig.lua
058.299  000.027  000.027: sourcing /usr/local/share/nvim/runtime/plugin/man.lua
058.365  000.039  000.039: require('nvim.matchparen')
058.384  000.075  000.037: sourcing /usr/local/share/nvim/runtime/plugin/matchparen.lua
058.430  000.036  000.036: sourcing /usr/local/share/nvim/runtime/plugin/net.lua
058.466  000.026  000.026: sourcing /usr/local/share/nvim/runtime/plugin/osc52.lua
058.521  000.045  000.045: sourcing /usr/local/share/nvim/runtime/plugin/shada.lua
058.555  000.023  000.023: sourcing /usr/local/share/nvim/runtime/plugin/spellfile.lua
058.565  001.188: loading rtp plugins
058.646  000.081: loading packages
058.655  000.009: loading after plugins
058.663  000.007: inits 3
059.945  001.283: reading ShaDa
060.045  000.099: opening buffers
060.225  000.180: BufEnter autocommands
060.228  000.002: editing files in windows
060.253  000.025: VimEnter autocommands
060.274  000.021: UIEnter autocommands
060.542  000.179  000.179: sourcing /usr/local/share/nvim/runtime/autoload/provider/clipboard.vim
060.546  000.094: before starting main loop
077.873  017.327: first screen update
077.878  000.005: --- NVIM STARTED ---

